// Jest Snapshot v1, https://goo.gl/fbAQLP

exports[`Field renders matching snapshot 1`] = `
<ForwardRef
  id="field-1"
  inline={false}
  inlineBlock={false}
  is="div"
  m={
    Object {
      "b": 4,
    }
  }
  maxW="sm"
>
  <ForwardRef
    field={
      Object {
        "disabled": false,
        "errorId": "field-1-error",
        "helpId": "field-1-help",
        "inputId": "field-1-input",
        "invalid": true,
        "labelId": undefined,
      }
    }
    key=".0"
  >
    Password
  </ForwardRef>
  <ForwardRef
    field={
      Object {
        "disabled": false,
        "errorId": "field-1-error",
        "helpId": "field-1-help",
        "inputId": "field-1-input",
        "invalid": true,
        "labelId": undefined,
      }
    }
    is={
      Object {
        "$$typeof": Symbol(react.forward_ref),
        "render": [Function],
      }
    }
    key=".1"
    size={1}
  >
    Your password must be 8-20 characters long, contain letters and numbers, and must not contain spaces, special characters, or emoji.
  </ForwardRef>
  <ForwardRef
    field={
      Object {
        "disabled": false,
        "errorId": "field-1-error",
        "helpId": "field-1-help",
        "inputId": "field-1-input",
        "invalid": true,
        "labelId": undefined,
      }
    }
    key=".2"
    name="password"
    type="password"
  />
  <ForwardRef
    field={
      Object {
        "disabled": false,
        "errorId": "field-1-error",
        "helpId": "field-1-help",
        "inputId": "field-1-input",
        "invalid": true,
        "labelId": undefined,
      }
    }
    is={
      Object {
        "$$typeof": Symbol(react.forward_ref),
        "render": [Function],
      }
    }
    key=".3"
    size={1}
  >
    Please complete
  </ForwardRef>
</ForwardRef>
`;
