// Jest Snapshot v1, https://goo.gl/fbAQLP

exports[`NavMenu renders matching snapshot 1`] = `
<ForwardRef
  aria-expanded={true}
  aria-labelledby="undefined-menu"
  flex="grow"
  id="undefined-nav"
  inline={false}
  inlineBlock={false}
  is="nav"
  items="center"
  overflow="hidden"
  role="navigation"
  style={
    Object {
      "maxHeight": "100vh",
      "transition": "max-height 500ms",
    }
  }
  w="full"
>
  <ForwardRef
    id="undefined-menu"
    level={2}
    visuallyHidden={true}
  >
    Site menu
  </ForwardRef>
  <ForwardRef
    flex="grow"
    listItemIs={[Function]}
    reset={true}
    role="menu"
  >
    <ForwardRef
      header={
        Object {
          "collapsable": true,
          "open": true,
        }
      }
      key=".0"
      role="menuitem"
    >
      About
    </ForwardRef>
    <ForwardRef
      header={
        Object {
          "collapsable": true,
          "open": true,
        }
      }
      key=".1"
      role="menuitem"
    >
      Blog
    </ForwardRef>
  </ForwardRef>
  <button
    key=".2"
    type="button"
  >
    Download
  </button>
</ForwardRef>
`;
