// Jest Snapshot v1, https://goo.gl/fbAQLP

exports[`SiteWrap renders matching snapshot 1`] = `
<ForwardRef
  col={true}
  font="sans"
  inline={false}
  inlineFlex={false}
  is="div"
  leading="normal"
  minH="screen"
  reverse={false}
  text={
    Array [
      "base",
      "gray-900",
    ]
  }
  wrap={false}
  wrapReverse={false}
>
  <ForwardRef
    flex={
      Array [
        "auto",
        "no-shrink",
      ]
    }
    inline={false}
    inlineBlock={false}
    is="div"
  >
    <ForwardRef
      key=".0"
    >
      Header
    </ForwardRef>
    <p
      key=".1"
    >
      Body
    </p>
  </ForwardRef>
  <ForwardRef
    flex={
      Array [
        "auto",
        "no-shrink",
        "no-grow",
      ]
    }
    inline={false}
    inlineBlock={false}
    is="div"
    m={
      Object {
        "t": 8,
      }
    }
  >
    <ForwardRef>
      Footer
    </ForwardRef>
  </ForwardRef>
</ForwardRef>
`;
